I'm sorry, but errors were detected in your script. Please correct the
errors listed below, and try again.


File "game/scene6.rpy", line 66: expected statement.
    repeat
          ^

Ren'Py Version: Ren'Py 6.99.12.2.2029
